src/components/features/authentication/LoginForm.vue(19,3): error TS6133: 'lockoutSeconds' is declared but its value is never read.
src/components/features/dashboard/Dashboard.vue(39,3): error TS6133: 'workspaceRef' is declared but its value is never read.
src/components/features/dashboard/Dashboard.vue(40,3): error TS6133: 'approvalRef' is declared but its value is never read.
src/components/features/home/Homeview.vue(2,28): error TS2459: Module '"../../../composables/useHomeView"' declares 'User' locally, but it is not exported.
src/components/features/research/Approval.vue(13,50): error TS6133: 'chatContainer' is declared but its value is never read.
src/components/features/research/MyWorkspace.vue(2,15): error TS6133: 'toRef' is declared but its value is never read.
src/components/features/research/ResearchLibrary.vue(2,15): error TS6133: 'toRef' is declared but its value is never read.
src/components/features/research/SubmittedResearches.vue(28,3): error TS6133: 'chatContainer' is declared but its value is never read.
src/composables/useHomeView.ts(3,1): error TS6133: 'User' is declared but its value is never read.
src/composables/useMasterlist.ts(4,1): error TS6133: 'User' is declared but its value is never read.
